[internationalforestindustries.com/index.html]
[backblue.gif]
[fade.gif]
[index.html]
[internationalforestindustries.com/site/wp-content/themes/IFI/style740b.css]
[internationalforestindustries.com/site/wp-content/uploads/2017/07/Vermeer6800_975x125-july2017.jpg]
[internationalforestindustries.com/site/wp-content/plugins/column-shortcodes/assets/css/shortcodesf269.css]
[internationalforestindustries.com/site/wp-content/plugins/contact-form-7/includes/css/styles5406.css]
[internationalforestindustries.com/site/wp-content/plugins/wp-polls/polls-cssb438.css]
[internationalforestindustries.com/site/wp-content/themes/IFI/genericons/genericons6bb7.css]
[internationalforestindustries.com/site/wp-content/themes/IFI/font-awesome/css/font-awesome.min4698.css]
[internationalforestindustries.com/site/wp-content/plugins/a3-lazy-load/assets/css/jquery.lazyloadxt.spinnerd9cd.css]
[internationalforestindustries.com/site/wp-content/themes/IFI/style9ebc.css]
[internationalforestindustries.com/site/wp-includes/js/jquery/jquery.minaf6c.js]
[internationalforestindustries.com/site/wp-includes/js/jquery/jquery-migrate.mind617.js]
[internationalforestindustries.com/wp-json/wp/v2/pages/36523.json]
[internationalforestindustries.com/wp-json/index.html]
[internationalforestindustries.com/site/xmlrpc0db0.php]
[internationalforestindustries.com/site/wp-includes/wlwmanifest.xml]
[internationalforestindustries.com/wp-json/oembed/1.0/embed81f7.json]
[internationalforestindustries.com/wp-json/oembed/1.0/embedebd4]
[internationalforestindustries.com/site/wp-content/uploads/2018/05/cropped-favicon-32x32.jpg]
[internationalforestindustries.com/site/wp-content/uploads/2018/05/cropped-favicon-192x192.jpg]
[internationalforestindustries.com/site/wp-content/uploads/2018/05/cropped-favicon-180x180.jpg]
[www.google-analytics.com/analytics.js]
[internationalforestindustries.com/site/wp-content/themes/IFI/colorbox-master/example2/colorbox.css]
[internationalforestindustries.com/site/wp-content/themes/IFI/colorbox-master/jquery.colorbox-min.js]
[internationalforestindustries.com/site/wp-content/uploads/2022/10/Nov22_alt2_left.jpg]
[internationalforestindustries.com/advertise-with-ifi/index.html]
[internationalforestindustries.com/site/wp-content/uploads/2022/10/Nov22_alt2_right.jpg]
[internationalforestindustries.com/site/wp-content/uploads/2022/10/Nov22_alt2_top.jpg]
[internationalforestindustries.com/site/wp-content/themes/IFI/images/IFI_MasterHead.png]
[internationalforestindustries.com/editors-comment-issue-87/index.html]
[internationalforestindustries.com/editors-comment-issue-86/index.html]
[internationalforestindustries.com/editors-comment-issue-85/index.html]
[internationalforestindustries.com/editors-comment-issue-84/index.html]
[internationalforestindustries.com/site/wp-content/themes/IFI/flexslider/jquery.flexslider.js]
[internationalforestindustries.com/editors-comment-issue-83/index.html]
[internationalforestindustries.com/editors-comment-issue-82/index.html]
[internationalforestindustries.com/site/wp-content/themes/IFI/flexslider/flexslider.css]
[internationalforestindustries.com/editors-comment-issue-81/index.html]
[internationalforestindustries.com/editors-comment-issue-80/index.html]
[internationalforestindustries.com/editors-comment-issue-79/index.html]
[internationalforestindustries.com/site/wp-content/uploads/2022/10/IFI-October-November-2022-FC-small.jpg]
[internationalforestindustries.com/editors-comment-issue-78/index.html]
[internationalforestindustries.com/editors-comment-issue-77/index.html]
[internationalforestindustries.com/editors-comment-issue-75/index.html]
[internationalforestindustries.com/site/wp-content/uploads/2022/10/IFI-October-November-2022-OBC-small.jpg]
[internationalforestindustries.com/editors-comment-aprmay/index.html]
[internationalforestindustries.com/issue-75-junjul-2020/index.html]
[internationalforestindustries.com/site/wp-content/uploads/2022/08/IFI-Aug-Sept-22_FC.jpg]
[internationalforestindustries.com/editors-comments-2/index.html]
[internationalforestindustries.com/editors-comment-issue-72/index.html]
[internationalforestindustries.com/editors-comment-issue-71/index.html]
[internationalforestindustries.com/site/wp-content/uploads/2022/08/IFI-Aug-Sept-22-BC.jpg]
[internationalforestindustries.com/editors-comment-issue-69/index.html]
[internationalforestindustries.com/editors-comment-issue-70/index.html]
[internationalforestindustries.com/editors-comment-issue-68/index.html]
[internationalforestindustries.com/site/wp-content/uploads/2022/11/USNR_Chile1-390x260.jpg]
[internationalforestindustries.com/editors-comment-issue-66/index.html]
[internationalforestindustries.com/editors-comment-issue-67-janfeb-2019/index.html]
[internationalforestindustries.com/editors-comment-issue-65/index.html]
[internationalforestindustries.com/site/wp-content/uploads/2022/10/johndeere_Kreisel-390x260.jpg]
[internationalforestindustries.com/editors-comment-issue-64/index.html]
[internationalforestindustries.com/editors-comment-issue-63/index.html]
[internationalforestindustries.com/editors-comment-issue-61/index.html]
[internationalforestindustries.com/editors-comment-issue-62/index.html]
[internationalforestindustries.com/site/wp-content/uploads/2022/10/MetsaSawmillInauguratedRauma-390x260.jpg]
[internationalforestindustries.com/editors-comment-3/index.html]
[internationalforestindustries.com/editors-comment-4/index.html]
[internationalforestindustries.com/site/wp-content/plugins/a3-lazy-load/assets/images/lazy_placeholder.gif]
[internationalforestindustries.com/issue-58-augsept-2017/index.html]
[internationalforestindustries.com/editors-comment-2/index.html]
[internationalforestindustries.com/issue-56-aprmay-2017/index.html]
[internationalforestindustries.com/site/wp-content/uploads/2021/12/Vermeer-January-2022.jpg]
[internationalforestindustries.com/get-ifi-free/index.html]
[internationalforestindustries.com/media-pack/index.html]
[internationalforestindustries.com/download-ifi-2022/index.html]
[internationalforestindustries.com/video_archive/index.html]
[internationalforestindustries.com/site/wp-content/uploads/2022/03/Ripper37SawmillBlade_videoplaceholder.jpg]
[internationalforestindustries.com/video_categories/biomass/index.html]
[internationalforestindustries.com/video_categories/ewps/index.html]
[internationalforestindustries.com/video_categories/logging/index.html]
[internationalforestindustries.com/site/wp-content/uploads/2022/01/grindinghouse_videoscreenshot.jpg]
[internationalforestindustries.com/video_categories/sawmilling/index.html]
[internationalforestindustries.com/show-guide/index.html]
[internationalforestindustries.com/site/wp-content/uploads/2021/03/Ponsse_Scorpion_March21.jpg]
[internationalforestindustries.com/show-guide-2021/index.html]
[internationalforestindustries.com/contact/index.html]
[internationalforestindustries.com/show-guide-2022/index.html]
[internationalforestindustries.com/site/wp-content/uploads/2020/04/JoeScan_MadeforSawmills_IFI_Banneranim.gif]
[internationalforestindustries.com/2022/11/04/major-order-for-usnr-in-chile/index.html]
[internationalforestindustries.com/2022/10/28/john-deere-invests-again-in-2026-electric-power-train-ambitions/index.html]
[internationalforestindustries.com/2022/10/27/metsa-groups-pine-sawmill-inaugurated-in-rauma/index.html]
[internationalforestindustries.com/site/wp-content/uploads/2022/10/RemaSawco-logo-390x260.jpg]
[internationalforestindustries.com/2022/10/27/remasawco-receives-an-order-of-just-over-sek-1-4-million-from-gallo-timber-ab/index.html]
[internationalforestindustries.com/site/wp-content/uploads/2022/10/AltaForestProducts-390x260.jpg]
[internationalforestindustries.com/2022/10/27/onefortyone-announces-executive-general-manager-wood-products-australia/index.html]
[internationalforestindustries.com/site/wp-content/uploads/2022/10/MikeBloomfield-390x260.jpg]
[internationalforestindustries.com/2022/10/27/alta-forest-products-selects-xmreality-remote-guidance/index.html]
[internationalforestindustries.com/site/wp-content/uploads/2021/06/Ponsse_IFI_Scorpion_468x60p_2021.jpg]
[internationalforestindustries.com/2022/10/19/timberpro-is-expanding-its-forestry-manufacturing-operation/index.html]
[internationalforestindustries.com/site/wp-content/uploads/2022/10/timberpro-390x260.jpg]
[internationalforestindustries.com/site/wp-content/uploads/2022/09/ponsse-logo-390x260.jpg]
[internationalforestindustries.com/2022/10/19/thl-initiated-cooperation-with-savo-vocational-college-finnish-forest-industries-federation-and-ponsse-to-increase-the-number-of-women-in-the-forest-sector/index.html]
[internationalforestindustries.com/site/wp-content/uploads/2022/10/sodraCell-390x260.jpg]
[internationalforestindustries.com/2022/10/19/sodra-cell-continues-investments-in-wireless-condition-monitoring-with-airius-lte-m/index.html]
[internationalforestindustries.com/site/wp-content/uploads/2020/10/4023-USNR-Banner.png]
[internationalforestindustries.com/site/wp-content/uploads/2022/10/Boiler_smurfitKappa-390x260.jpg]
[internationalforestindustries.com/2022/10/19/smurfit-kappa-to-invest-100-million-to-drive-down-emissions-in-colombia/index.html]
[internationalforestindustries.com/site/wp-content/uploads/2022/10/USNR-390x260.jpg]
[internationalforestindustries.com/site/wp-content/uploads/2022/10/Torgersons-takes-Tigercat-Montana-390x260.jpg]
[internationalforestindustries.com/2022/10/04/torgersons-takes-tigercat-montana/index.html]
[internationalforestindustries.com/2022/10/04/glennon-brothers-balcas-timber-invest-in-usnr-equipment-upgrades-at-the-enniskillen-mill/index.html]
[internationalforestindustries.com/site/wp-content/uploads/2022/04/1156_22_Seppi_Banner_468x60px.gif]
[internationalforestindustries.com/site/wp-content/uploads/2022/10/TravisMcDonald-390x260.jpg]
[internationalforestindustries.com/2022/10/04/bid-to-deliver-new-state-of-the-art-turnkey-composite-pallet-block-facility-for-arbablox-inc/index.html]
[internationalforestindustries.com/site/wp-content/uploads/2022/10/JD_FR27_CloseUp-390x260.jpg]
[internationalforestindustries.com/2022/10/03/john-deere-introduces-new-fr27-disc-saw-felling-head/index.html]
[internationalforestindustries.com/2022/09/20/stora-enso-huhtamaki-launch-industrial-scale-recycling-programme-for-paper-cups-in-europe/index.html]
[internationalforestindustries.com/site/wp-content/uploads/2022/09/storaEnso-390x260.jpg]
[internationalforestindustries.com/site/wp-content/uploads/2022/05/followourinstabuttonbanner.jpg]
[internationalforestindustries.com/site/wp-content/uploads/2022/09/Eric_stellajones-390x260.jpg]
[internationalforestindustries.com/site/wp-content/uploads/2022/09/loglift-18s-2-390x260.jpg]
[internationalforestindustries.com/2022/09/20/new-managing-director-for-ponsses-subsidiary-in-russia/index.html]
[internationalforestindustries.com/2022/09/20/stella-jones-signs-agreement-to-purchase-wood-pole-manufacturing-business-of-texas-electric-cooperatives-inc/index.html]
[internationalforestindustries.com/2022/09/20/hiab-announces-second-next-generation-loglift-forestry-crane-and-panorama-cabin/index.html]
[internationalforestindustries.com/site/wp-content/uploads/2021/06/IFI_animated_july21.gif]
[internationalforestindustries.com/site/wp-content/uploads/2022/09/canfor_logo_web-390x260.jpg]
[internationalforestindustries.com/site/wp-content/uploads/2022/09/RedStagTimberlands-390x260.jpg]
[internationalforestindustries.com/2022/09/13/canfor-curtailing-operations-in-sweden/index.html]
[internationalforestindustries.com/2022/09/13/red-stag-purchases-timberlab/index.html]
[internationalforestindustries.com/site/wp-content/uploads/2022/09/HancockLumber-390x260.jpg]
[internationalforestindustries.com/2022/09/09/hancock-lumber-to-acquire-madison-lumber-mill/index.html]
[internationalforestindustries.com/site/wp-content/uploads/2022/09/SFPA-banner-2022.gif]
[internationalforestindustries.com/site/wp-content/uploads/2019/06/IFI_newcolourschemeHouse-002468x60.gif]
[internationalforestindustries.com/site/wp-content/uploads/2022/09/ponsseFinnMetko-390x260.jpg]
[internationalforestindustries.com/2022/09/02/ponsse-demonstrate-new-solutions-at-finnmetko-2022/index.html]
[internationalforestindustries.com/site/wp-content/uploads/2022/09/FinnMetko2022-390x260.jpg]
[internationalforestindustries.com/2022/09/02/john-deere-forestry-oy-in-the-spotlight-at-the-finnmetko-2022-exhibition/index.html]
[internationalforestindustries.com/site/wp-content/uploads/2022/08/Galen-Collins-Smith-390x260.jpg]
[internationalforestindustries.com/site/wp-content/uploads/2017/01/CAT-120x90px.jpg]
[internationalforestindustries.com/2022/08/26/collins-announces-california-land-acquisition/index.html]
[internationalforestindustries.com/site/wp-content/uploads/2022/08/ponsse_electric_forest_machine-390x260.jpg]
[internationalforestindustries.com/site/wp-content/uploads/2022/07/USNR-post-26.07.22-resized.jpg]
[internationalforestindustries.com/2022/08/18/ponsse-launches-new-technology-an-electric-forest-machine/index.html]
[internationalforestindustries.com/2022/07/26/usnr-acquires-timber-automation/index.html]
[internationalforestindustries.com/site/wp-content/uploads/2022/07/JD_859MH-390x260.jpg]
[internationalforestindustries.com/2022/07/08/john-deere-introduces-intelligent-boom-control-on-800-mh-series-tracked-harvesters/index.html]
[internationalforestindustries.com/site/wp-content/uploads/2017/01/IFI_logo_2.jpg]
[internationalforestindustries.com/site/wp-includes/js/dist/vendor/regenerator-runtime.min3937.js]
[internationalforestindustries.com/site/wp-includes/js/dist/vendor/wp-polyfill.min2c7c.js]
[internationalforestindustries.com/privacy-cookies/index.html]
[internationalforestindustries.com/site/wp-content/plugins/contact-form-7/includes/js/index5406.js]
[internationalforestindustries.com/site/wp-content/plugins/wp-polls/polls-jsb438.js]
[internationalforestindustries.com/site/wp-content/plugins/a3-lazy-load/assets/js/jquery.lazyloadxt.extra.min8dff.js]
[internationalforestindustries.com/site/wp-content/themes/IFI/js/functions8337.js]
[internationalforestindustries.com/site/wp-content/plugins/a3-lazy-load/assets/js/jquery.lazyloadxt.srcset.min8dff.js]
[internationalforestindustries.com/site/wp-content/plugins/a3-lazy-load/assets/js/jquery.lazyloadxt.extend8dff.js]
[internationalforestindustries.com/index.html]
[internationalforestindustries.com/site/wp-content/plugins/cookie-control/js/cookiecontrold9cd.js]
[internationalforestindustries.com/site/wp-content/themes/IFI/images/dotted-line.png]
[internationalforestindustries.com/site/wp-content/themes/IFI/style740b.css]
[internationalforestindustries.com/site/xmlrpc.php]
[internationalforestindustries.com/site/wp-content/plugins/column-shortcodes/assets/css/shortcodesf269.css]
[internationalforestindustries.com/site/wp-content/plugins/contact-form-7/includes/css/styles5406.css]
[internationalforestindustries.com/site/wp-content/plugins/wp-polls/polls-cssb438.css]
[internationalforestindustries.com/site/wp-content/themes/IFI/genericons/font/genericons-regular-webfont.eot]
[internationalforestindustries.com/site/wp-content/themes/IFI/genericons/font/genericons-regular-webfont.ttf]
[internationalforestindustries.com/site/wp-content/themes/IFI/genericons/genericons6bb7.css]
[internationalforestindustries.com/site/wp-content/themes/IFI/genericons/font/genericons-regular-webfont.svg]
[internationalforestindustries.com/site/wp-content/themes/IFI/font-awesome/fonts/fontawesome-webfont5b62.eot]
[internationalforestindustries.com/site/wp-content/themes/IFI/font-awesome/fonts/fontawesome-webfont5b62.woff2]
[internationalforestindustries.com/site/wp-content/themes/IFI/font-awesome/fonts/fontawesome-webfontd41d.eot]
[internationalforestindustries.com/site/wp-content/themes/IFI/font-awesome/fonts/fontawesome-webfont5b62.woff]
[internationalforestindustries.com/site/wp-content/themes/IFI/font-awesome/fonts/fontawesome-webfont5b62.ttf]
[internationalforestindustries.com/site/wp-content/themes/IFI/font-awesome/css/font-awesome.min4698.css]
[internationalforestindustries.com/site/wp-content/themes/IFI/style9ebc.css]
[internationalforestindustries.com/site/wp-content/plugins/a3-lazy-load/assets/css/loading.gif]
[internationalforestindustries.com/site/wp-content/plugins/a3-lazy-load/assets/css/jquery.lazyloadxt.spinnerd9cd.css]
[internationalforestindustries.com/site/wp-content/themes/IFI/font-awesome/fonts/fontawesome-webfont5b62.svg]
[internationalforestindustries.com/site/wp-content/themes/IFI/colorbox-master/example2/images/loading.gif]
[internationalforestindustries.com/site/wp-content/themes/IFI/colorbox-master/example2/images/controls.png]
[internationalforestindustries.com/site/wp-content/themes/IFI/colorbox-master/example2/colorbox.css]
[internationalforestindustries.com/site/wp-content/themes/IFI/styleda18.css]
[internationalforestindustries.com/wp-json/wp/v2/pages/37142.json]
[internationalforestindustries.com/wp-json/oembed/1.0/embed106e.json]
[internationalforestindustries.com/wp-json/oembed/1.0/embed42b8]
[internationalforestindustries.com/site/wp-content/uploads/2017/01/Advertisers.jpg]
[internationalforestindustries.com/advertise-with-ifi/index.html]
[internationalforestindustries.com/site/wp-content/themes/IFI/style3da4.css]
[internationalforestindustries.com/wp-json/wp/v2/pages/46553.json]
[internationalforestindustries.com/wp-json/oembed/1.0/embede382.json]
[internationalforestindustries.com/wp-json/oembed/1.0/embed5216]
[internationalforestindustries.com/site/wp-content/uploads/2017/01/160322-069-ChrisCann-thumb.jpg]
[internationalforestindustries.com/site/wp-content/uploads/2022/06/IFI_Jun_Jul2022_FC-1.jpg]
[internationalforestindustries.com/site/wp-content/uploads/2022/04/IFI_AprMay2022_FC-1.jpg]
[internationalforestindustries.com/site/wp-content/uploads/2022/03/IFI_feb_mar22_FC_sml.jpg]
[internationalforestindustries.com/site/wp-content/uploads/2022/01/IFI-Dec-2021-Jan-2022-FC-1.jpg]
[internationalforestindustries.com/editors-comment-issue-87/index.html]
[internationalforestindustries.com/site/wp-content/themes/IFI/styleb5c0.css]
[internationalforestindustries.com/wp-json/wp/v2/pages/46243.json]
[internationalforestindustries.com/wp-json/oembed/1.0/embedf1fa.json]
[internationalforestindustries.com/wp-json/oembed/1.0/embedb190]
[internationalforestindustries.com/site/wp-content/uploads/2021/11/Oct_Nov21_FC_sml.jpg]
[internationalforestindustries.com/editors-comment-issue-86/index.html]
[internationalforestindustries.com/site/wp-content/themes/IFI/style6521.css]
[internationalforestindustries.com/wp-json/wp/v2/pages/46031.json]
[internationalforestindustries.com/wp-json/oembed/1.0/embed3a66.json]
[internationalforestindustries.com/wp-json/oembed/1.0/embed52a8]
[internationalforestindustries.com/site/wp-content/uploads/2021/08/IFI-Aug-Sept-2021-FC-sml-1.jpg]
[internationalforestindustries.com/editors-comment-issue-85/index.html]
[internationalforestindustries.com/wp-json/wp/v2/pages/45791.json]
[internationalforestindustries.com/wp-json/oembed/1.0/embed9150.json]
[internationalforestindustries.com/wp-json/oembed/1.0/embed9be7]
[internationalforestindustries.com/site/wp-content/uploads/2021/07/IFI-June-July-2021-cover-FC-small.jpg]
[internationalforestindustries.com/editors-comment-issue-84/index.html]
[internationalforestindustries.com/site/wp-content/themes/IFI/style0acb.css]
[internationalforestindustries.com/wp-json/wp/v2/pages/45537.json]
[internationalforestindustries.com/wp-json/oembed/1.0/embedded6.json]
[internationalforestindustries.com/wp-json/oembed/1.0/embededf3]
[internationalforestindustries.com/site/wp-content/uploads/2021/04/Apr_may21_FC.jpg]
[internationalforestindustries.com/editors-comment-issue-83/index.html]
[internationalforestindustries.com/wp-json/wp/v2/pages/45229.json]
[internationalforestindustries.com/wp-json/oembed/1.0/embedc5f3.json]
[internationalforestindustries.com/wp-json/oembed/1.0/embed379f]
[internationalforestindustries.com/site/wp-content/uploads/2021/03/IFI_Feb_Mar21_FC.jpg]
[internationalforestindustries.com/editors-comment-issue-82/index.html]
[internationalforestindustries.com/wp-json/wp/v2/pages/45082.json]
[internationalforestindustries.com/wp-json/oembed/1.0/embed3866.json]
[internationalforestindustries.com/wp-json/oembed/1.0/embed1abe]
[internationalforestindustries.com/site/wp-content/uploads/2020/12/IFI-Dec-Jan-2020-2021-FC209x295.jpg]
[internationalforestindustries.com/editors-comment-issue-81/index.html]
[internationalforestindustries.com/wp-json/wp/v2/pages/44590.json]
[internationalforestindustries.com/wp-json/oembed/1.0/embed992c.json]
[internationalforestindustries.com/wp-json/oembed/1.0/embedfb99]
[internationalforestindustries.com/site/wp-content/uploads/2020/10/IFI-Oct-Nov-20-FC-1.png]
[internationalforestindustries.com/editors-comment-issue-80/index.html]
[internationalforestindustries.com/site/wp-content/themes/IFI/stylebeae.css]
[internationalforestindustries.com/wp-json/wp/v2/pages/44234.json]
[internationalforestindustries.com/wp-json/oembed/1.0/embedd011.json]
[internationalforestindustries.com/wp-json/oembed/1.0/embed3968]
[internationalforestindustries.com/site/wp-content/uploads/2020/09/IFI-August-September20-FC.jpg]
[internationalforestindustries.com/editors-comment-issue-79/index.html]
[internationalforestindustries.com/wp-json/wp/v2/pages/43949.json]
[internationalforestindustries.com/wp-json/oembed/1.0/embeddbad.json]
[internationalforestindustries.com/wp-json/oembed/1.0/embed6da9]
[internationalforestindustries.com/site/wp-content/uploads/2020/09/IFI-June-July-20-FC.jpg]
[internationalforestindustries.com/editors-comment-issue-78/index.html]
[internationalforestindustries.com/wp-json/wp/v2/pages/43716.json]
[internationalforestindustries.com/wp-json/oembed/1.0/embed7f32.json]
[internationalforestindustries.com/wp-json/oembed/1.0/embed4961]
[internationalforestindustries.com/site/wp-content/uploads/2020/04/Apr_May20FC_editorscomments.jpg]
[internationalforestindustries.com/editors-comment-issue-77/index.html]
[internationalforestindustries.com/site/wp-content/themes/IFI/style6ff2.css]
[internationalforestindustries.com/wp-json/wp/v2/pages/43448.json]
[internationalforestindustries.com/wp-json/oembed/1.0/embedf661.json]
[internationalforestindustries.com/wp-json/oembed/1.0/embede488]
[internationalforestindustries.com/site/wp-content/uploads/2020/02/IFI-Feb-March-2020-FC-small.jpg]
[internationalforestindustries.com/editors-comment-issue-75/index.html]
[internationalforestindustries.com/wp-json/wp/v2/pages/43215.json]
[internationalforestindustries.com/wp-json/oembed/1.0/embeddbe6.json]
[internationalforestindustries.com/wp-json/oembed/1.0/embed0b72]
[internationalforestindustries.com/site/wp-content/uploads/2020/07/IFI_JuneJuly20_FC.jpg]
[internationalforestindustries.com/site/wp-content/uploads/2019/12/IFI-Dec19-Jan20-FC-1.jpg]
[internationalforestindustries.com/site/wp-content/uploads/2019/10/IFI-Oct-Nov-2019-FC-212x300.jpg]
[internationalforestindustries.com/issue-75-junjul-2020/index.html]
[internationalforestindustries.com/wp-json/wp/v2/pages/42931.json]
[internationalforestindustries.com/wp-json/oembed/1.0/embedcd30.json]
[internationalforestindustries.com/wp-json/oembed/1.0/embedfc15]
[internationalforestindustries.com/editors-comment-aprmay/index.html]
[internationalforestindustries.com/wp-json/wp/v2/pages/42733.json]
[internationalforestindustries.com/wp-json/oembed/1.0/embed12a7.json]
[internationalforestindustries.com/wp-json/oembed/1.0/embed1387]
[internationalforestindustries.com/site/wp-content/uploads/2019/08/IFI-Aug-Sept-19-FCwebsite.jpg]
[internationalforestindustries.com/editors-comments-2/index.html]
[internationalforestindustries.com/site/wp-content/themes/IFI/style4dc1.css]
[internationalforestindustries.com/wp-json/wp/v2/pages/42586.json]
[internationalforestindustries.com/wp-json/oembed/1.0/embedb465.json]
[internationalforestindustries.com/wp-json/oembed/1.0/embed903a]
[internationalforestindustries.com/site/wp-content/uploads/2019/06/IFI-June-July-2019-FC-web-1.jpg]
[internationalforestindustries.com/editors-comment-issue-72/index.html]
[internationalforestindustries.com/wp-json/wp/v2/pages/42437.json]
[internationalforestindustries.com/wp-json/oembed/1.0/embedb3f3.json]
[internationalforestindustries.com/wp-json/oembed/1.0/embedbb4a]
[internationalforestindustries.com/site/wp-content/uploads/2019/04/IFI-April-May-2019-FC-web-1.jpg]
[internationalforestindustries.com/editors-comment-issue-71/index.html]
[internationalforestindustries.com/site/wp-content/themes/IFI/style5777.css]
[internationalforestindustries.com/wp-json/wp/v2/pages/42123.json]
[internationalforestindustries.com/wp-json/oembed/1.0/embedb73c.json]
[internationalforestindustries.com/wp-json/oembed/1.0/embed4f66]
[internationalforestindustries.com/site/wp-content/uploads/2019/02/IFI-Feb-Mar2019-FC-web.jpg]
[internationalforestindustries.com/editors-comment-issue-70/index.html]
[internationalforestindustries.com/site/wp-content/themes/IFI/stylef5f0.css]
[internationalforestindustries.com/wp-json/wp/v2/pages/41905.json]
[internationalforestindustries.com/wp-json/oembed/1.0/embedfe0b.json]
[internationalforestindustries.com/wp-json/oembed/1.0/embed4b4d]
[internationalforestindustries.com/site/wp-content/uploads/2019/02/IFI-Dec-Jan-2019-FC-web.jpg]
[internationalforestindustries.com/editors-comment-issue-69/index.html]
[internationalforestindustries.com/site/wp-content/themes/IFI/stylee2e1.css]
[internationalforestindustries.com/wp-json/wp/v2/pages/41557.json]
[internationalforestindustries.com/wp-json/oembed/1.0/embeddfac.json]
[internationalforestindustries.com/wp-json/oembed/1.0/embedf3dd]
[internationalforestindustries.com/site/wp-content/uploads/2018/10/IFI-Oct-Nov-18-FC.jpg]
[internationalforestindustries.com/site/wp-content/uploads/2018/08/IFI-Aug-Sept-18-FC209x296.png]
[internationalforestindustries.com/editors-comment-issue-68/index.html]
[internationalforestindustries.com/site/wp-content/themes/IFI/stylea53c.css]
[internationalforestindustries.com/wp-json/wp/v2/pages/41348.json]
[internationalforestindustries.com/wp-json/oembed/1.0/embed04f4.json]
[internationalforestindustries.com/wp-json/oembed/1.0/embedd593]
[internationalforestindustries.com/editors-comment-issue-67-janfeb-2019/index.html]
[internationalforestindustries.com/wp-json/wp/v2/pages/41331.json]
[internationalforestindustries.com/wp-json/oembed/1.0/embed06cb.json]
[internationalforestindustries.com/wp-json/oembed/1.0/embedb895]
[internationalforestindustries.com/site/wp-content/uploads/2018/06/IFI-JUNE-JULY-18-FC209X296.png]
[internationalforestindustries.com/editors-comment-issue-66/index.html]
[internationalforestindustries.com/site/wp-content/themes/IFI/style1bf8.css]
[internationalforestindustries.com/wp-json/wp/v2/pages/40826.json]
[internationalforestindustries.com/wp-json/oembed/1.0/embedb603.json]
[internationalforestindustries.com/wp-json/oembed/1.0/embed627d]
[internationalforestindustries.com/site/wp-content/uploads/2018/05/IFI-April-May-18-FC209x296.png]
[internationalforestindustries.com/site/wp-content/uploads/2018/03/IFI-Feb_Mar18-FC-209x296-EditorsComments.jpg]
[internationalforestindustries.com/editors-comment-issue-65/index.html]
[internationalforestindustries.com/wp-json/wp/v2/pages/40607.json]
[internationalforestindustries.com/wp-json/oembed/1.0/embeda60d.json]
[internationalforestindustries.com/wp-json/oembed/1.0/embedaf0f]
[internationalforestindustries.com/editors-comment-issue-64/index.html]
[internationalforestindustries.com/wp-json/wp/v2/pages/40356.json]
[internationalforestindustries.com/wp-json/oembed/1.0/embed8548.json]
[internationalforestindustries.com/wp-json/oembed/1.0/embedcf8c]
[internationalforestindustries.com/site/wp-content/uploads/2018/01/IFI-Dec17_Jan18-1.jpg]
[internationalforestindustries.com/editors-comment-issue-63/index.html]
[internationalforestindustries.com/site/wp-content/themes/IFI/stylee213.css]
[internationalforestindustries.com/wp-json/wp/v2/pages/40103.json]
[internationalforestindustries.com/wp-json/oembed/1.0/embedee69.json]
[internationalforestindustries.com/wp-json/oembed/1.0/embeda930]
[internationalforestindustries.com/site/wp-content/uploads/2017/11/IFI-OctNov-17-FC.jpg]
[internationalforestindustries.com/site/wp-content/uploads/2017/09/IFI-Aug-Sep-2017-FC-Web.jpg]
[internationalforestindustries.com/editors-comment-issue-62/index.html]
[internationalforestindustries.com/wp-json/wp/v2/pages/39915.json]
[internationalforestindustries.com/wp-json/oembed/1.0/embed9a10.json]
[internationalforestindustries.com/wp-json/oembed/1.0/embed88ab]
[internationalforestindustries.com/editors-comment-issue-61/index.html]
[internationalforestindustries.com/wp-json/wp/v2/pages/39508.json]
[internationalforestindustries.com/wp-json/oembed/1.0/embed6abe.json]
[internationalforestindustries.com/wp-json/oembed/1.0/embedc164]
[internationalforestindustries.com/site/wp-content/uploads/2017/06/June-July-cover.jpg]
[internationalforestindustries.com/editors-comment-4/index.html]
[internationalforestindustries.com/site/wp-content/themes/IFI/style03f1.css]
[internationalforestindustries.com/wp-json/wp/v2/pages/39272.json]
[internationalforestindustries.com/wp-json/oembed/1.0/embede015.json]
[internationalforestindustries.com/wp-json/oembed/1.0/embed4550]
[internationalforestindustries.com/site/wp-content/uploads/2017/04/IFI-April-May-17-FC-1-212x300.jpg]
[internationalforestindustries.com/site/wp-content/uploads/2017/03/IFI-Feb-March-17-FC.jpg]
[internationalforestindustries.com/editors-comment-3/index.html]
[internationalforestindustries.com/site/wp-content/themes/IFI/style3e84.css]
[internationalforestindustries.com/wp-json/wp/v2/pages/38657.json]
[internationalforestindustries.com/wp-json/oembed/1.0/embed239f.json]
[internationalforestindustries.com/wp-json/oembed/1.0/embed4b88]
[internationalforestindustries.com/issue-58-augsept-2017/index.html]
[internationalforestindustries.com/site/wp-content/themes/IFI/style506c.css]
[internationalforestindustries.com/wp-json/wp/v2/pages/38168.json]
[internationalforestindustries.com/wp-json/oembed/1.0/embedf585.json]
[internationalforestindustries.com/wp-json/oembed/1.0/embedc1e5]
[internationalforestindustries.com/site/wp-content/uploads/2017/01/IFI-Dec-16-Jan-17-FC.jpg]
[internationalforestindustries.com/editors-comment-2/index.html]
[internationalforestindustries.com/site/wp-content/themes/IFI/stylea09a.css]
[internationalforestindustries.com/wp-json/wp/v2/pages/37871.json]
[internationalforestindustries.com/wp-json/oembed/1.0/embed25d4.json]
[internationalforestindustries.com/wp-json/oembed/1.0/embedd7e3]
[internationalforestindustries.com/issue-56-aprmay-2017/index.html]
[internationalforestindustries.com/site/wp-content/themes/IFI/style2687.css]
[internationalforestindustries.com/wp-json/wp/v2/pages/45766.json]
[internationalforestindustries.com/wp-json/oembed/1.0/embede5b7.json]
[internationalforestindustries.com/wp-json/oembed/1.0/embedd425]
[internationalforestindustries.com/site/wp-content/uploads/2022/06/IFI_Jun_Jul2022_BC.jpg]
[internationalforestindustries.com/site/wp-content/uploads/2022/06/IFI_Jun_Jul2022_FC.jpg]
[internationalforestindustries.com/site/wp-content/uploads/2022/04/IFI_AprMay2022_BC.jpg]
[internationalforestindustries.com/site/wp-content/uploads/2022/03/IFI_FebMar22_BC_sml.jpg]
[internationalforestindustries.com/site/wp-content/uploads/2022/01/4459-IFI-Dec-21-Jan-22-BC.jpg]
[internationalforestindustries.com/site/wp-content/uploads/2022/01/4459-IFI-Dec-21-Jan-22-FC.jpg]
[internationalforestindustries.com/download-ifi-2022/index.html]
[internationalforestindustries.com/download-ifi-2020/index.html]
[internationalforestindustries.com/download-ifi-2021/index.html]
[internationalforestindustries.com/site/wp-content/themes/IFI/stylebc9f.css]
[internationalforestindustries.com/download-ifi-2018/index.html]
[internationalforestindustries.com/download-ifi-2019/index.html]
[internationalforestindustries.com/download-ifi-issues/index.html]
[internationalforestindustries.com/ifi-2016-issues/index.html]
[internationalforestindustries.com/wp-json/wp/v2/pages/37137.json]
[internationalforestindustries.com/ifi-2015/index.html]
[internationalforestindustries.com/ifi-2014/index.html]
[internationalforestindustries.com/ifi-2013/index.html]
[internationalforestindustries.com/editors-comment/index.html]
[internationalforestindustries.com/wp-json/oembed/1.0/embed303c.json]
[internationalforestindustries.com/wp-json/oembed/1.0/embedd4ba]
[internationalforestindustries.com/get-ifi-free/index.html]
[internationalforestindustries.com/site/wp-content/uploads/2017/01/MediaPack2022_med.jpg]
[internationalforestindustries.com/wp-json/wp/v2/pages/37139.json]
[internationalforestindustries.com/wp-json/oembed/1.0/embed86ae.json]
[internationalforestindustries.com/wp-json/oembed/1.0/embed785e]
[internationalforestindustries.com/media-pack/index.html]
[internationalforestindustries.com/site/wp-content/uploads/2020/08/palfinger_youtube390x260.jpg]
[internationalforestindustries.com/video_archive/page/2/index.html]
[internationalforestindustries.com/video_archive/feed/index.html]
[internationalforestindustries.com/site/wp-content/uploads/2020/02/Hägele_katana_Feb20.jpg]
[internationalforestindustries.com/site/wp-content/uploads/2020/02/Tigercat-LX830D.jpg]
[internationalforestindustries.com/site/wp-content/uploads/2020/01/VERMEER.jpg]
[internationalforestindustries.com/site/wp-content/uploads/2019/09/Tigercat-845E.jpg]
[internationalforestindustries.com/site/wp-content/uploads/2019/08/Ponsse_Bison_Active_frame_Aug19.jpg]
[internationalforestindustries.com/site/wp-content/uploads/2019/08/Ponsse_Efficient_logistics_Aug19.jpg]
[internationalforestindustries.com/video_archive/index.html]
[internationalforestindustries.com/2022/11/index.html]
[internationalforestindustries.com/2022/09/index.html]
[internationalforestindustries.com/2022/10/index.html]
[internationalforestindustries.com/site/wp-content/themes/IFI/stylef506.css]
[internationalforestindustries.com/2022/08/index.html]
[internationalforestindustries.com/2022/07/index.html]
[internationalforestindustries.com/2022/06/index.html]
[internationalforestindustries.com/site/wp-content/uploads/2017/03/HX6000TX-Horizontal-Grinder.png]
[internationalforestindustries.com/2022/04/index.html]
[internationalforestindustries.com/2022/05/index.html]
[internationalforestindustries.com/site/wp-content/uploads/2017/03/vermeer6800tx.jpg]
[internationalforestindustries.com/2022/03/index.html]
[internationalforestindustries.com/2022/02/index.html]
[internationalforestindustries.com/2022/01/index.html]
[internationalforestindustries.com/site/wp-content/uploads/2017/03/FT300-Forestry-Tractor-e1501683879599.png]
[internationalforestindustries.com/video_categories/biomass/index.html]
[internationalforestindustries.com/video_categories/biomass/feed/index.html]
[internationalforestindustries.com/2021/12/index.html]
[internationalforestindustries.com/video_categories/ewps/index.html]
[internationalforestindustries.com/site/wp-content/themes/IFI/style3f45.css]
[internationalforestindustries.com/video_categories/ewps/feed/index.html]
[internationalforestindustries.com/site/wp-content/uploads/2019/04/logset.jpg]
[internationalforestindustries.com/video_categories/logging/page/2/index.html]
[internationalforestindustries.com/video_categories/logging/feed/index.html]
[internationalforestindustries.com/site/wp-content/uploads/2019/04/Tigercat_890_Logger_Shovel.jpg]
[internationalforestindustries.com/site/wp-content/uploads/2019/01/Cobra_video.jpg]
[internationalforestindustries.com/site/wp-content/uploads/2018/09/L-seriesll_skidder_WheeledFellerbuncher.png]
[internationalforestindustries.com/site/wp-content/uploads/2018/09/BisonActiveFrame.png]
[internationalforestindustries.com/site/wp-content/uploads/2018/08/PonsseCobraHarvester.png]
[internationalforestindustries.com/site/wp-content/uploads/2018/06/TigercatExpoForestBrazil2018_videoscreenshot-1.png]
[internationalforestindustries.com/site/wp-content/uploads/2017/08/Tigercat-25-new.jpg]
[internationalforestindustries.com/video_categories/logging/index.html]
[internationalforestindustries.com/site/wp-content/uploads/2019/03/JoeScan_sawmilling.jpg]
[internationalforestindustries.com/video_categories/sawmilling/feed/index.html]
[internationalforestindustries.com/site/wp-content/uploads/2019/02/USNR-PlywoodSystem.jpg]
[internationalforestindustries.com/site/wp-content/uploads/2019/02/USNR-SawmillSystem.jpg]
[internationalforestindustries.com/site/wp-content/uploads/2017/08/HewSaw_video_still2.jpg]
[internationalforestindustries.com/site/wp-content/uploads/2017/08/sawmilling_video_still.jpg]
[internationalforestindustries.com/site/wp-content/uploads/2017/03/gilbert-youtube-1.png]
[internationalforestindustries.com/site/wp-content/uploads/2008/10/GD_500x280_cropped_auto_1350663013_image-1.jpg]
[internationalforestindustries.com/video_categories/sawmilling/index.html]
[internationalforestindustries.com/site/wp-content/themes/IFI/styled085.css]
[internationalforestindustries.com/wp-json/wp/v2/pages/41047.json]
[internationalforestindustries.com/wp-json/oembed/1.0/embed3f8b.json]
[internationalforestindustries.com/wp-json/oembed/1.0/embedc1cf]
[internationalforestindustries.com/site/wp-content/uploads/2019/01/BoisEnergieFrance-2.jpg]
[internationalforestindustries.com/site/wp-content/uploads/2019/01/Woodworking.jpg]
[internationalforestindustries.com/site/wp-content/uploads/2019/01/OregonLoggingConference-2.jpg]
[internationalforestindustries.com/site/wp-content/uploads/2019/01/EnergyAndRuralBusinessShow-2.jpg]
[internationalforestindustries.com/site/wp-content/uploads/2019/01/las_expo_logo_4201-1.jpg]
[internationalforestindustries.com/site/wp-content/uploads/2019/01/DubaiWoodShow-1.jpg]
[internationalforestindustries.com/site/wp-content/uploads/2019/01/FORST-live.jpg]
[internationalforestindustries.com/site/wp-content/uploads/2019/01/icf_logo.jpg]
[internationalforestindustries.com/site/wp-content/uploads/2019/01/EastAnglianGameAndCountryFair.jpg]
[internationalforestindustries.com/site/wp-content/uploads/2019/01/ARBShowLogo-19-web-800.jpg]
[internationalforestindustries.com/site/wp-content/uploads/2019/01/SibWoodExpo.jpg]
[internationalforestindustries.com/site/wp-content/uploads/2019/01/Ligna.jpg]
[internationalforestindustries.com/site/wp-content/uploads/2019/01/forlener.jpg]
[internationalforestindustries.com/site/wp-content/uploads/2019/01/ThreeCountiesShowground.jpg]
[internationalforestindustries.com/site/wp-content/uploads/2019/01/GreatYorkshireLogo.jpg]
[internationalforestindustries.com/site/wp-content/uploads/2019/01/ForestProductsMachineExpo.jpg]
[internationalforestindustries.com/site/wp-content/uploads/2019/01/NationalForestLogo.jpg]
[internationalforestindustries.com/site/wp-content/uploads/2019/01/Royal-Welsh-Show.jpg]
[internationalforestindustries.com/site/wp-content/uploads/2019/01/CarveCarrbride.jpg]
[internationalforestindustries.com/site/wp-content/uploads/2019/01/forst_messe.jpg]
[internationalforestindustries.com/site/wp-content/uploads/2019/01/ArboriculturalAssociation.jpg]
[internationalforestindustries.com/site/wp-content/uploads/2019/01/Confor.jpg]
[internationalforestindustries.com/site/wp-content/uploads/2019/01/SALTEX-logo.jpg]
[internationalforestindustries.com/site/wp-content/uploads/2019/01/TimberExpo.jpg]
[internationalforestindustries.com/site/wp-content/uploads/2019/01/Woodex.jpg]
[internationalforestindustries.com/site/wp-content/uploads/2019/01/HarvestTECHX-2019-slimline-2-500.jpg]
[internationalforestindustries.com/site/wp-content/uploads/2019/01/MidAtlanticLogging.jpg]
[internationalforestindustries.com/site/wp-content/uploads/2019/01/skogsnolia_logo.jpg]
[internationalforestindustries.com/site/wp-content/uploads/2019/01/WasteExpo.jpg]
[internationalforestindustries.com/site/wp-content/uploads/2019/01/TekhnoDrev.jpg]
[internationalforestindustries.com/site/wp-content/uploads/2019/01/Austimber_logo.gif]
[internationalforestindustries.com/site/wp-content/uploads/2019/01/ExpoDrev.jpg]
[internationalforestindustries.com/site/wp-content/uploads/2019/01/TimberProcessingEnergyExpo.jpg]
[internationalforestindustries.com/site/wp-content/uploads/2019/01/KWF_logo.jpg]
[internationalforestindustries.com/site/wp-content/uploads/2019/01/FinnMetko.jpg]
[internationalforestindustries.com/site/wp-content/uploads/2019/01/florestal.jpg]
[internationalforestindustries.com/show-guide/index.html]
[internationalforestindustries.com/site/wp-content/themes/IFI/style8573.css]
[internationalforestindustries.com/wp-json/wp/v2/pages/43350.json]
[internationalforestindustries.com/wp-json/oembed/1.0/embed92df.json]
[internationalforestindustries.com/wp-json/oembed/1.0/embed27de]
[internationalforestindustries.com/show-guide-2021/index.html]
[internationalforestindustries.com/wp-json/wp/v2/pages/44996.json]
[internationalforestindustries.com/wp-json/oembed/1.0/embeda94c.json]
[internationalforestindustries.com/wp-json/oembed/1.0/embede3fd]
[internationalforestindustries.com/show-guide-2022/index.html]
[internationalforestindustries.com/site/wp-content/themes/IFI/styleec79.css]
[internationalforestindustries.com/wp-json/wp/v2/pages/37144.json]
[internationalforestindustries.com/wp-json/oembed/1.0/embed5a57.json]
[internationalforestindustries.com/wp-json/oembed/1.0/embed84b7]
[internationalforestindustries.com/contact/index.html]
[internationalforestindustries.com/site/wp-content/themes/IFI/flexslider/fonts/flexslider-icon.eot]
[internationalforestindustries.com/site/wp-content/themes/IFI/flexslider/fonts/flexslider-icond41d.eot]
[internationalforestindustries.com/site/wp-content/themes/IFI/flexslider/fonts/flexslider-icon.woff]
[internationalforestindustries.com/site/wp-content/themes/IFI/flexslider/fonts/flexslider-icon.ttf]
[internationalforestindustries.com/site/wp-content/themes/IFI/flexslider/flexslider.css]
[internationalforestindustries.com/site/wp-content/themes/IFI/flexslider/fonts/flexslider-icon.svg]
[internationalforestindustries.com/site/wp-content/themes/IFI/style4322.css]
[internationalforestindustries.com/site/wp-content/uploads/2022/11/USNR_Chile1.jpg]
[internationalforestindustries.com/wp-json/wp/v2/posts/46909.json]
[internationalforestindustries.com/wp-json/oembed/1.0/embedb1f6.json]
[internationalforestindustries.com/wp-json/oembed/1.0/embed4537]
[internationalforestindustries.com/2022/11/04/major-order-for-usnr-in-chile/feed/index.html]
[internationalforestindustries.com/site/wp-content/uploads/2022/11/USNRChile2.html]
[internationalforestindustries.com/2022/11/04/major-order-for-usnr-in-chile/index.html]
[internationalforestindustries.com/2022/10/28/john-deere-invests-again-in-2026-electric-power-train-ambitions/index.html]
[internationalforestindustries.com/2022/10/27/metsa-groups-pine-sawmill-inaugurated-in-rauma/index.html]
[internationalforestindustries.com/2022/10/27/remasawco-receives-an-order-of-just-over-sek-1-4-million-from-gallo-timber-ab/index.html]
[internationalforestindustries.com/2022/10/27/alta-forest-products-selects-xmreality-remote-guidance/index.html]
[internationalforestindustries.com/2022/10/27/onefortyone-announces-executive-general-manager-wood-products-australia/index.html]
[internationalforestindustries.com/2022/10/19/timberpro-is-expanding-its-forestry-manufacturing-operation/index.html]
[internationalforestindustries.com/2022/10/19/thl-initiated-cooperation-with-savo-vocational-college-finnish-forest-industries-federation-and-ponsse-to-increase-the-number-of-women-in-the-forest-sector/index.html]
[internationalforestindustries.com/2022/10/19/sodra-cell-continues-investments-in-wireless-condition-monitoring-with-airius-lte-m/index.html]
[internationalforestindustries.com/2022/10/19/smurfit-kappa-to-invest-100-million-to-drive-down-emissions-in-colombia/index.html]
[internationalforestindustries.com/2022/10/04/glennon-brothers-balcas-timber-invest-in-usnr-equipment-upgrades-at-the-enniskillen-mill/index.html]
[internationalforestindustries.com/2022/10/04/torgersons-takes-tigercat-montana/index.html]
[internationalforestindustries.com/2022/10/04/bid-to-deliver-new-state-of-the-art-turnkey-composite-pallet-block-facility-for-arbablox-inc/index.html]
[internationalforestindustries.com/2022/10/03/john-deere-introduces-new-fr27-disc-saw-felling-head/index.html]
[internationalforestindustries.com/2022/09/20/stora-enso-huhtamaki-launch-industrial-scale-recycling-programme-for-paper-cups-in-europe/index.html]
[internationalforestindustries.com/2022/09/20/new-managing-director-for-ponsses-subsidiary-in-russia/index.html]
[internationalforestindustries.com/2022/09/20/stella-jones-signs-agreement-to-purchase-wood-pole-manufacturing-business-of-texas-electric-cooperatives-inc/index.html]
